prisma/seed.ts(11,9): error TS6133: 'freshCitrusy' is declared but its value is never read.
prisma/seed.ts(12,9): error TS6133: 'floralAromatic' is declared but its value is never read.
server/tests/setup.ts(8,13): error TS2540: Cannot assign to 'NODE_ENV' because it is a read-only property.
src/__tests__/unit/p1-stores.test.ts(1,44): error TS6133: 'vi' is declared but its value is never read.
src/app/account/page.tsx(11,10): error TS6133: 'name' is declared but its value is never read.
src/app/api/account/route.ts(12,25): error TS7006: Parameter 'o' implicitly has an 'any' type.
src/app/api/checkout/route.ts(5,66): error TS2322: Type '"2024-12-18.acacia"' is not assignable to type '"2025-02-24.acacia"'.
src/app/api/search/route.ts(33,47): error TS7006: Parameter 'p' implicitly has an 'any' type.
src/app/api/search/route.ts(34,47): error TS7006: Parameter 'p' implicitly has an 'any' type.
src/app/api/search/route.ts(35,46): error TS7006: Parameter 'a' implicitly has an 'any' type.
src/app/api/search/route.ts(35,49): error TS7006: Parameter 'b' implicitly has an 'any' type.
src/app/api/search/route.ts(36,52): error TS7006: Parameter 'a' implicitly has an 'any' type.
src/app/api/search/route.ts(36,55): error TS7006: Parameter 'b' implicitly has an 'any' type.
src/app/api/search/route.ts(37,32): error TS7006: Parameter 'p' implicitly has an 'any' type.
src/app/api/webhooks/stripe/route.ts(4,66): error TS2322: Type '"2024-12-18.acacia"' is not assignable to type '"2025-02-24.acacia"'.
src/app/auth/signin/page.tsx(3,1): error TS6133: 'Link' is declared but its value is never read.
src/app/checkout/page.tsx(8,30): error TS6133: 'totalItems' is declared but its value is never read.
src/app/collections/[slug]/page.tsx(61,43): error TS7006: Parameter 'cp' implicitly has an 'any' type.
src/app/collections/[slug]/page.tsx(65,8): error TS7006: Parameter 'a' implicitly has an 'any' type.
src/app/collections/[slug]/page.tsx(65,11): error TS7006: Parameter 'b' implicitly has an 'any' type.
src/app/collections/[slug]/page.tsx(69,8): error TS7006: Parameter 'a' implicitly has an 'any' type.
src/app/collections/[slug]/page.tsx(69,11): error TS7006: Parameter 'b' implicitly has an 'any' type.
src/app/collections/[slug]/page.tsx(124,28): error TS7006: Parameter 'product' implicitly has an 'any' type.
src/app/layout.tsx(9,10): error TS2305: Module '"@/lib/analytics"' has no exported member 'GoogleAnalytics'.
src/app/page.tsx(61,29): error TS7006: Parameter 'product' implicitly has an 'any' type.
src/app/sitemap.ts(30,61): error TS7006: Parameter 'p' implicitly has an 'any' type.
src/app/sitemap.ts(42,67): error TS7006: Parameter 'c' implicitly has an 'any' type.
src/components/product/FilterBar.tsx(12,40): error TS18047: 'searchParams' is possibly 'null'.
src/components/product/FilterBar.tsx(21,74): error TS18047: 'searchParams' is possibly 'null'.
src/lib/cloudinary-images.ts(1,31): error TS2307: Cannot find module '@/lib/cloudinary' or its corresponding type declarations.
src/lib/monitoring.ts(76,25): error TS6133: 'user' is declared but its value is never read.
src/lib/seo/json-ld.test.ts(1,32): error TS6133: 'vi' is declared but its value is never read.
src/lib/seo/json-ld.test.ts(1,36): error TS6133: 'beforeEach' is declared but its value is never read.
